Veyron customer-site preflight → https://HOST:30151
────────────────────────────────────────────────
  [0;32m✔[0m API reachable
  [0;33m![0m Using the DEFAULT API key 'CHANGE_ME' — set VEYRON_API_KEY / veyron-api-key Secret before go-live
  [0;32m✔[0m Readiness endpoint healthy

Acceptance gate (target cluster):
────────────────────────────────────────────────

  Platform: kubevirt=v1.9.0 nodes=1 kvm_capable=1
  [0;32m✔[0m KubeVirt installed and reporting a version
  [0;32m✔[0m Hardware virtualization exposed to KubeVirt
  [0;32m✔[0m A default StorageClass exists
  [0;32m✔[0m Default StorageClass is shared (not node-local)
  [0;32m✔[0m A shared (non-node-local) StorageClass exists
  [0;32m✔[0m A VolumeSnapshotClass object exists
  [0;32m✔[0m VolumeSnapshotClass driver matches a StorageClass provisioner
  [0;32m✔[0m Live CPU/memory hotplug
  [0;32m✔[0m Storage-class disk migration
  [0;33m![0m [0;33mLive migration[0m — needs >=2 nodes (have 1) and RWX storage (rwx_capable=True)
  [0;32m✔[0m Windows golden-image workflow
  [0;32m✔[0m Persistent TPM/EFI state (Windows 11, BitLocker)
  [0;32m✔[0m Velero off-cluster backups

  StorageClasses: ceph-rbd*, cephfs (rwx), local-path (node-local), zyvor-rbd-prod   (* = default)

  [0;32mGate passed[0m (1 capability gap(s) — see above)

  [0;33m![0m Skipped functional smoke test (pass --smoke to run verify-veyron-remote.sh, ~2-3 min)
────────────────────────────────────────────────
  [0;32m✔[0m Preflight complete.
  [0;32m✔[0m Full smoke test:  VEYRON_API_KEY=... /Users/ssahani/tt/veyron/scripts/preflight-veyron-remote.sh HOST 30151 --smoke
  [0;32m✔[0m Daily-ops E2E:    VEYRON_API_KEY=... ./scripts/test-vm-daily-ops-remote.sh HOST 30151
  [0;32m✔[0m Console sweep:    VEYRON_API_KEY=... ./scripts/dashboard-console-check.sh --host HOST
