
── P4 · Snapshot round-trip ──
  ✔ created snapshot test VM veyron-readiness-data-1789055309 (containerDisk)
  ✔ test VM Running
  ○ in-guest data round-trip
      (no_pvc_backed_image:set VEYRON_READY_DATASOURCE)
  ✔ POST snapshot create veyron-readiness-data-1789055309-snap-rt
  ✔ snapshot reached ready (online app-consistent freeze)
  ✔ POST snapshot restore accepted
  ✔ VM returned to Running after restore
  ○ post-restore data verification
      (no_pvc_backed_image)

── P4 · DR export → apply → verify ──
  ✔ GET /dr/export returned veyron-readiness-data-1789055309 manifest + snapshot set
  ✔ POST /dr/apply (dry-run reconstruction) accepted

── P4 · Orphan reclaim ──
  ✔ GET /storage/orphans (dry-run list) → 200
  ○ orphan reclaim real delete (confirm=true)
      (opt_in_required:VEYRON_READY_ALLOW_ORPHAN_DELETE)

── P4 · Velero off-cluster backup ──
  ○ Velero backup→restore round-trip
      (opt_in_required:VEYRON_READY_ALLOW_VELERO)

P4 data-safety: 9 passed, 0 failed, 0 warn, 4 skipped
